Archive member included to satisfy reference by file (symbol)

.\CortexM0\ARM_GCC_541\Debug\PSOC_Mid.a(StripLights.o)
                              .\CortexM0\ARM_GCC_541\Debug\main.o (StripLights_Trigger)
.\CortexM0\ARM_GCC_541\Debug\PSOC_Mid.a(StripLights_fonts.o)
                              .\CortexM0\ARM_GCC_541\Debug\PSOC_Mid.a(StripLights.o) (StripLights_SetFont)
.\CortexM0\ARM_GCC_541\Debug\PSOC_Mid.a(StripLights_cisr.o)
                              .\CortexM0\ARM_GCC_541\Debug\PSOC_Mid.a(StripLights.o) (StripLights_cisr_SetPriority)
.\CortexM0\ARM_GCC_541\Debug\PSOC_Mid.a(StripLights_fisr.o)
                              .\CortexM0\ARM_GCC_541\Debug\PSOC_Mid.a(StripLights.o) (StripLights_fisr_SetPriority)
.\CortexM0\ARM_GCC_541\Debug\PSOC_Mid.a(CyLib.o)
                              .\CortexM0\ARM_GCC_541\Debug\cyfitter_cfg.o (CyIntEnable)
.\CortexM0\ARM_GCC_541\Debug\PSOC_Mid.a(CyLFClk.o)
                              .\CortexM0\ARM_GCC_541\Debug\cyfitter_cfg.o (CySysWdtIsr)
.\CortexM0\ARM_GCC_541\Debug\PSOC_Mid.a(SPIS.o)
                              .\CortexM0\ARM_GCC_541\Debug\main.o (SPIS_Start)
.\CortexM0\ARM_GCC_541\Debug\PSOC_Mid.a(SPIS_SPI.o)
                              .\CortexM0\ARM_GCC_541\Debug\PSOC_Mid.a(SPIS.o) (SPIS_SpiInit)
.\CortexM0\ARM_GCC_541\Debug\PSOC_Mid.a(CyBootAsmGnu.o)
                              .\CortexM0\ARM_GCC_541\Debug\PSOC_Mid.a(CyLib.o) (CyDelayCycles)
c:/program files (x86)/cypress/psoc creator/4.1/psoc creator/import/gnu/arm/5.4.1/bin/../lib/gcc/arm-none-eabi/5.4.1/armv6-m\libgcc.a(_udivsi3.o)
                              .\CortexM0\ARM_GCC_541\Debug\PSOC_Mid.a(StripLights.o) (__aeabi_uidiv)
c:/program files (x86)/cypress/psoc creator/4.1/psoc creator/import/gnu/arm/5.4.1/bin/../lib/gcc/arm-none-eabi/5.4.1/armv6-m\libgcc.a(_dvmd_tls.o)
                              c:/program files (x86)/cypress/psoc creator/4.1/psoc creator/import/gnu/arm/5.4.1/bin/../lib/gcc/arm-none-eabi/5.4.1/armv6-m\libgcc.a(_udivsi3.o) (__aeabi_idiv0)
c:/program files (x86)/cypress/psoc creator/4.1/psoc creator/import/gnu/arm/5.4.1/bin/../lib/gcc/arm-none-eabi/5.4.1/../../../../arm-none-eabi/lib/armv6-m\libg_nano.a(lib_a-errno.o)
                              .\CortexM0\ARM_GCC_541\Debug\Cm0Start.o (__errno)
c:/program files (x86)/cypress/psoc creator/4.1/psoc creator/import/gnu/arm/5.4.1/bin/../lib/gcc/arm-none-eabi/5.4.1/../../../../arm-none-eabi/lib/armv6-m\libg_nano.a(lib_a-exit.o)
                              c:/program files (x86)/cypress/psoc creator/4.1/psoc creator/import/gnu/arm/5.4.1/bin/../lib/gcc/arm-none-eabi/5.4.1/../../../../arm-none-eabi/lib/armv6-m/crt0.o (exit)
c:/program files (x86)/cypress/psoc creator/4.1/psoc creator/import/gnu/arm/5.4.1/bin/../lib/gcc/arm-none-eabi/5.4.1/../../../../arm-none-eabi/lib/armv6-m\libg_nano.a(lib_a-impure.o)
                              c:/program files (x86)/cypress/psoc creator/4.1/psoc creator/import/gnu/arm/5.4.1/bin/../lib/gcc/arm-none-eabi/5.4.1/../../../../arm-none-eabi/lib/armv6-m\libg_nano.a(lib_a-exit.o) (_global_impure_ptr)
c:/program files (x86)/cypress/psoc creator/4.1/psoc creator/import/gnu/arm/5.4.1/bin/../lib/gcc/arm-none-eabi/5.4.1/../../../../arm-none-eabi/lib/armv6-m\libg_nano.a(lib_a-init.o)
                              c:/program files (x86)/cypress/psoc creator/4.1/psoc creator/import/gnu/arm/5.4.1/bin/../lib/gcc/arm-none-eabi/5.4.1/../../../../arm-none-eabi/lib/armv6-m/crt0.o (__libc_init_array)
c:/program files (x86)/cypress/psoc creator/4.1/psoc creator/import/gnu/arm/5.4.1/bin/../lib/gcc/arm-none-eabi/5.4.1/../../../../arm-none-eabi/lib/armv6-m\libg_nano.a(lib_a-memset.o)
                              c:/program files (x86)/cypress/psoc creator/4.1/psoc creator/import/gnu/arm/5.4.1/bin/../lib/gcc/arm-none-eabi/5.4.1/../../../../arm-none-eabi/lib/armv6-m/crt0.o (memset)

Allocating common symbols
Common symbol       size              file

StripLights_ledArray
                    0x898             .\CortexM0\ARM_GCC_541\Debug\PSOC_Mid.a(StripLights.o)
StripLights_fontX   0x4               .\CortexM0\ARM_GCC_541\Debug\PSOC_Mid.a(StripLights_fonts.o)
StripLights_DimMask
                    0x4               .\CortexM0\ARM_GCC_541\Debug\PSOC_Mid.a(StripLights.o)
StripLights_DimShift
                    0x4               .\CortexM0\ARM_GCC_541\Debug\PSOC_Mid.a(StripLights.o)
StripLights_refreshComplete
                    0x4               .\CortexM0\ARM_GCC_541\Debug\PSOC_Mid.a(StripLights.o)
StripLights_fontOffset
                    0x4               .\CortexM0\ARM_GCC_541\Debug\PSOC_Mid.a(StripLights_fonts.o)
StripLights_fontPtr
                    0x4               .\CortexM0\ARM_GCC_541\Debug\PSOC_Mid.a(StripLights_fonts.o)
StripLights_fontY   0x4               .\CortexM0\ARM_GCC_541\Debug\PSOC_Mid.a(StripLights_fonts.o)

Discarded input sections

 .text          0x00000000        0x0 c:/program files (x86)/cypress/psoc creator/4.1/psoc creator/import/gnu/arm/5.4.1/bin/../lib/gcc/arm-none-eabi/5.4.1/armv6-m/crti.o
 .data          0x00000000        0x0 c:/program files (x86)/cypress/psoc creator/4.1/psoc creator/import/gnu/arm/5.4.1/bin/../lib/gcc/arm-none-eabi/5.4.1/armv6-m/crti.o
 .bss           0x00000000        0x0 c:/program files (x86)/cypress/psoc creator/4.1/psoc creator/import/gnu/arm/5.4.1/bin/../lib/gcc/arm-none-eabi/5.4.1/armv6-m/crti.o
 .data          0x00000000        0x4 c:/program files (x86)/cypress/psoc creator/4.1/psoc creator/import/gnu/arm/5.4.1/bin/../lib/gcc/arm-none-eabi/5.4.1/armv6-m/crtbegin.o
 .text          0x00000000       0x78 c:/program files (x86)/cypress/psoc creator/4.1/psoc creator/import/gnu/arm/5.4.1/bin/../lib/gcc/arm-none-eabi/5.4.1/../../../../arm-none-eabi/lib/armv6-m/crt0.o
 .data          0x00000000        0x0 c:/program files (x86)/cypress/psoc creator/4.1/psoc creator/import/gnu/arm/5.4.1/bin/../lib/gcc/arm-none-eabi/5.4.1/../../../../arm-none-eabi/lib/armv6-m/crt0.o
 .bss           0x00000000        0x0 c:/program files (x86)/cypress/psoc creator/4.1/psoc creator/import/gnu/arm/5.4.1/bin/../lib/gcc/arm-none-eabi/5.4.1/../../../../arm-none-eabi/lib/armv6-m/crt0.o
 .ARM.extab     0x00000000        0x0 c:/program files (x86)/cypress/psoc creator/4.1/psoc creator/import/gnu/arm/5.4.1/bin/../lib/gcc/arm-none-eabi/5.4.1/../../../../arm-none-eabi/lib/armv6-m/crt0.o
 .ARM.exidx     0x00000000        0x8 c:/program files (x86)/cypress/psoc creator/4.1/psoc creator/import/gnu/arm/5.4.1/bin/../lib/gcc/arm-none-eabi/5.4.1/../../../../arm-none-eabi/lib/armv6-m/crt0.o
 .text          0x00000000        0x0 .\CortexM0\ARM_GCC_541\Debug\main.o
 .data          0x00000000        0x0 .\CortexM0\ARM_GCC_541\Debug\main.o
 .bss           0x00000000        0x0 .\CortexM0\ARM_GCC_541\Debug\main.o
 .text.rainbow  0x00000000       0x48 .\CortexM0\ARM_GCC_541\Debug\main.o
 .text.rainbowCrawl
                0x00000000       0x50 .\CortexM0\ARM_GCC_541\Debug\main.o
 .text          0x00000000        0x0 .\CortexM0\ARM_GCC_541\Debug\cyfitter_cfg.o
 .data          0x00000000        0x0 .\CortexM0\ARM_GCC_541\Debug\cyfitter_cfg.o
 .bss           0x00000000        0x0 .\CortexM0\ARM_GCC_541\Debug\cyfitter_cfg.o
 .text          0x00000000        0x0 .\CortexM0\ARM_GCC_541\Debug\cymetadata.o
 .data          0x00000000        0x0 .\CortexM0\ARM_GCC_541\Debug\cymetadata.o
 .bss           0x00000000        0x0 .\CortexM0\ARM_GCC_541\Debug\cymetadata.o
 .text          0x00000000        0x0 .\CortexM0\ARM_GCC_541\Debug\Cm0Start.o
 .data          0x00000000        0x4 .\CortexM0\ARM_GCC_541\Debug\Cm0Start.o
 .bss           0x00000000        0x0 .\CortexM0\ARM_GCC_541\Debug\Cm0Start.o
 .text._exit    0x00000000        0xc .\CortexM0\ARM_GCC_541\Debug\Cm0Start.o
 .text._sbrk    0x00000000       0x30 .\CortexM0\ARM_GCC_541\Debug\Cm0Start.o
 .text          0x00000000        0x0 .\CortexM0\ARM_GCC_541\Debug\PSOC_Mid.a(StripLights.o)
 .data          0x00000000        0x0 .\CortexM0\ARM_GCC_541\Debug\PSOC_Mid.a(StripLights.o)
 .text.StripLights_SetCriticalFuncs
                0x00000000        0xc .\CortexM0\ARM_GCC_541\Debug\PSOC_Mid.a(StripLights.o)
 .text.StripLights_TriggerWaitDelay
                0x00000000       0x54 .\CortexM0\ARM_GCC_541\Debug\PSOC_Mid.a(StripLights.o)
 .text.StripLights_TriggerWait
                0x00000000       0x2c .\CortexM0\ARM_GCC_541\Debug\PSOC_Mid.a(StripLights.o)
 .text.StripLights_Stop
                0x00000000        0xc .\CortexM0\ARM_GCC_541\Debug\PSOC_Mid.a(StripLights.o)
 .text.StripLights_ColorInc
                0x00000000       0x24 .\CortexM0\ARM_GCC_541\Debug\PSOC_Mid.a(StripLights.o)
 .text.StripLights_DisplayClear
                0x00000000       0x10 .\CortexM0\ARM_GCC_541\Debug\PSOC_Mid.a(StripLights.o)
 .text.StripLights_WriteColor
                0x00000000       0x24 .\CortexM0\ARM_GCC_541\Debug\PSOC_Mid.a(StripLights.o)
 .text.StripLights_GetPixel
                0x00000000       0x3c .\CortexM0\ARM_GCC_541\Debug\PSOC_Mid.a(StripLights.o)
 .text.StripLights_DrawCircle
                0x00000000       0xfc .\CortexM0\ARM_GCC_541\Debug\PSOC_Mid.a(StripLights.o)
 .text.StripLights_DrawLine
                0x00000000       0xac .\CortexM0\ARM_GCC_541\Debug\PSOC_Mid.a(StripLights.o)
 .text.StripLights_DrawRect
                0x00000000       0x7c .\CortexM0\ARM_GCC_541\Debug\PSOC_Mid.a(StripLights.o)
 .text.StripLights_Bplot8
                0x00000000       0x5c .\CortexM0\ARM_GCC_541\Debug\PSOC_Mid.a(StripLights.o)
 .text.StripLights_Bplot32
                0x00000000       0x64 .\CortexM0\ARM_GCC_541\Debug\PSOC_Mid.a(StripLights.o)
 .text.StripLights_RgbBlend
                0x00000000       0x74 .\CortexM0\ARM_GCC_541\Debug\PSOC_Mid.a(StripLights.o)
 .text          0x00000000        0x0 .\CortexM0\ARM_GCC_541\Debug\PSOC_Mid.a(StripLights_fonts.o)
 .data          0x00000000        0x0 .\CortexM0\ARM_GCC_541\Debug\PSOC_Mid.a(StripLights_fonts.o)
 .bss           0x00000000        0x0 .\CortexM0\ARM_GCC_541\Debug\PSOC_Mid.a(StripLights_fonts.o)
 .text.StripLights_PutChar
                0x00000000       0x9c .\CortexM0\ARM_GCC_541\Debug\PSOC_Mid.a(StripLights_fonts.o)
 .text.StripLights_PrintString
                0x00000000       0xa8 .\CortexM0\ARM_GCC_541\Debug\PSOC_Mid.a(StripLights_fonts.o)
 .text          0x00000000        0x0 .\CortexM0\ARM_GCC_541\Debug\PSOC_Mid.a(StripLights_cisr.o)
 .data          0x00000000        0x0 .\CortexM0\ARM_GCC_541\Debug\PSOC_Mid.a(StripLights_cisr.o)
 .bss           0x00000000        0x0 .\CortexM0\ARM_GCC_541\Debug\PSOC_Mid.a(StripLights_cisr.o)
 .text.StripLights_cisr_Interrupt
                0x00000000        0x4 .\CortexM0\ARM_GCC_541\Debug\PSOC_Mid.a(StripLights_cisr.o)
 .text.StripLights_cisr_GetVector
                0x00000000        0xc .\CortexM0\ARM_GCC_541\Debug\PSOC_Mid.a(StripLights_cisr.o)
 .text.StripLights_cisr_GetPriority
                0x00000000       0x10 .\CortexM0\ARM_GCC_541\Debug\PSOC_Mid.a(StripLights_cisr.o)
 .text.StripLights_cisr_GetState
                0x00000000       0x10 .\CortexM0\ARM_GCC_541\Debug\PSOC_Mid.a(StripLights_cisr.o)
 .text.StripLights_cisr_Start
                0x00000000       0x1c .\CortexM0\ARM_GCC_541\Debug\PSOC_Mid.a(StripLights_cisr.o)
 .text.StripLights_cisr_Stop
                0x00000000       0x14 .\CortexM0\ARM_GCC_541\Debug\PSOC_Mid.a(StripLights_cisr.o)
 .text.StripLights_cisr_SetPending
                0x00000000        0xc .\CortexM0\ARM_GCC_541\Debug\PSOC_Mid.a(StripLights_cisr.o)
 .text.StripLights_cisr_ClearPending
                0x00000000        0xc .\CortexM0\ARM_GCC_541\Debug\PSOC_Mid.a(StripLights_cisr.o)
 .text          0x00000000        0x0 .\CortexM0\ARM_GCC_541\Debug\PSOC_Mid.a(StripLights_fisr.o)
 .data          0x00000000        0x0 .\CortexM0\ARM_GCC_541\Debug\PSOC_Mid.a(StripLights_fisr.o)
 .bss           0x00000000        0x0 .\CortexM0\ARM_GCC_541\Debug\PSOC_Mid.a(StripLights_fisr.o)
 .text.StripLights_fisr_Interrupt
                0x00000000        0x4 .\CortexM0\ARM_GCC_541\Debug\PSOC_Mid.a(StripLights_fisr.o)
 .text.StripLights_fisr_GetVector
                0x00000000        0xc .\CortexM0\ARM_GCC_541\Debug\PSOC_Mid.a(StripLights_fisr.o)
 .text.StripLights_fisr_GetPriority
                0x00000000       0x10 .\CortexM0\ARM_GCC_541\Debug\PSOC_Mid.a(StripLights_fisr.o)
 .text.StripLights_fisr_GetState
                0x00000000       0x14 .\CortexM0\ARM_GCC_541\Debug\PSOC_Mid.a(StripLights_fisr.o)
 .text.StripLights_fisr_Start
                0x00000000       0x1c .\CortexM0\ARM_GCC_541\Debug\PSOC_Mid.a(StripLights_fisr.o)
 .text.StripLights_fisr_Stop
                0x00000000       0x14 .\CortexM0\ARM_GCC_541\Debug\PSOC_Mid.a(StripLights_fisr.o)
 .text.StripLights_fisr_SetPending
                0x00000000        0xc .\CortexM0\ARM_GCC_541\Debug\PSOC_Mid.a(StripLights_fisr.o)
 .text.StripLights_fisr_ClearPending
                0x00000000        0xc .\CortexM0\ARM_GCC_541\Debug\PSOC_Mid.a(StripLights_fisr.o)
 .text          0x00000000        0x0 .\CortexM0\ARM_GCC_541\Debug\PSOC_Mid.a(CyLib.o)
 .bss           0x00000000       0x18 .\CortexM0\ARM_GCC_541\Debug\PSOC_Mid.a(CyLib.o)
 .text.CySysClkImoStart
                0x00000000       0x14 .\CortexM0\ARM_GCC_541\Debug\PSOC_Mid.a(CyLib.o)
 .text.CySysClkImoStop
                0x00000000       0x10 .\CortexM0\ARM_GCC_541\Debug\PSOC_Mid.a(CyLib.o)
 .text.CySysClkWriteHfclkDirect
                0x00000000       0x20 .\CortexM0\ARM_GCC_541\Debug\PSOC_Mid.a(CyLib.o)
 .text.CySysEnablePumpClock
                0x00000000       0x38 .\CortexM0\ARM_GCC_541\Debug\PSOC_Mid.a(CyLib.o)
 .text.CySysClkGetSysclkSource
                0x00000000       0x1c .\CortexM0\ARM_GCC_541\Debug\PSOC_Mid.a(CyLib.o)
 .text.CySysClkWriteSysclkDiv
                0x00000000       0x30 .\CortexM0\ARM_GCC_541\Debug\PSOC_Mid.a(CyLib.o)
 .text.CySysLvdDisable
                0x00000000       0x20 .\CortexM0\ARM_GCC_541\Debug\PSOC_Mid.a(CyLib.o)
 .text.CySysLvdGetInterruptSource
                0x00000000       0x10 .\CortexM0\ARM_GCC_541\Debug\PSOC_Mid.a(CyLib.o)
 .text.CySysLvdClearInterrupt
                0x00000000        0xc .\CortexM0\ARM_GCC_541\Debug\PSOC_Mid.a(CyLib.o)
 .text.CySysGetResetReason
                0x00000000       0x14 .\CortexM0\ARM_GCC_541\Debug\PSOC_Mid.a(CyLib.o)
 .text.CyDisableInts
                0x00000000       0x10 .\CortexM0\ARM_GCC_541\Debug\PSOC_Mid.a(CyLib.o)
 .text.CyEnableInts
                0x00000000        0xc .\CortexM0\ARM_GCC_541\Debug\PSOC_Mid.a(CyLib.o)
 .text.CyIntGetState
                0x00000000       0x18 .\CortexM0\ARM_GCC_541\Debug\PSOC_Mid.a(CyLib.o)
 .text.CyIntDisable
                0x00000000       0x14 .\CortexM0\ARM_GCC_541\Debug\PSOC_Mid.a(CyLib.o)
 .text.CyIntSetPending
                0x00000000       0x14 .\CortexM0\ARM_GCC_541\Debug\PSOC_Mid.a(CyLib.o)
 .text.CyIntClearPending
                0x00000000       0x14 .\CortexM0\ARM_GCC_541\Debug\PSOC_Mid.a(CyLib.o)
 .text.CyIntSetSysVector
                0x00000000       0x20 .\CortexM0\ARM_GCC_541\Debug\PSOC_Mid.a(CyLib.o)
 .text.CyIntGetSysVector
                0x00000000       0x1c .\CortexM0\ARM_GCC_541\Debug\PSOC_Mid.a(CyLib.o)
 .text.CyIntGetVector
                0x00000000       0x20 .\CortexM0\ARM_GCC_541\Debug\PSOC_Mid.a(CyLib.o)
 .text.CyIntSetPriority
                0x00000000       0x4c .\CortexM0\ARM_GCC_541\Debug\PSOC_Mid.a(CyLib.o)
 .text.CyIntGetPriority
                0x00000000       0x2c .\CortexM0\ARM_GCC_541\Debug\PSOC_Mid.a(CyLib.o)
 .text.CySoftwareReset
                0x00000000       0x18 .\CortexM0\ARM_GCC_541\Debug\PSOC_Mid.a(CyLib.o)
 .text.CySysLvdEnable
                0x00000000       0x44 .\CortexM0\ARM_GCC_541\Debug\PSOC_Mid.a(CyLib.o)
 .text.CyDelayFreq
                0x00000000       0x4c .\CortexM0\ARM_GCC_541\Debug\PSOC_Mid.a(CyLib.o)
 .text.CySysTickStop
                0x00000000       0x10 .\CortexM0\ARM_GCC_541\Debug\PSOC_Mid.a(CyLib.o)
 .text.CySysTickEnableInterrupt
                0x00000000       0x10 .\CortexM0\ARM_GCC_541\Debug\PSOC_Mid.a(CyLib.o)
 .text.CySysTickEnable
                0x00000000       0x18 .\CortexM0\ARM_GCC_541\Debug\PSOC_Mid.a(CyLib.o)
 .text.CySysTickDisableInterrupt
                0x00000000       0x10 .\CortexM0\ARM_GCC_541\Debug\PSOC_Mid.a(CyLib.o)
 .text.CySysTickSetReload
                0x00000000       0x10 .\CortexM0\ARM_GCC_541\Debug\PSOC_Mid.a(CyLib.o)
 .text.CySysTickGetReload
                0x00000000       0x10 .\CortexM0\ARM_GCC_541\Debug\PSOC_Mid.a(CyLib.o)
 .text.CySysTickGetValue
                0x00000000       0x10 .\CortexM0\ARM_GCC_541\Debug\PSOC_Mid.a(CyLib.o)
 .text.CySysTickGetCountFlag
                0x00000000       0x10 .\CortexM0\ARM_GCC_541\Debug\PSOC_Mid.a(CyLib.o)
 .text.CySysTickServiceCallbacks
                0x00000000       0x28 .\CortexM0\ARM_GCC_541\Debug\PSOC_Mid.a(CyLib.o)
 .text.CySysTickClear
                0x00000000        0xc .\CortexM0\ARM_GCC_541\Debug\PSOC_Mid.a(CyLib.o)
 .text.CySysTickInit
                0x00000000       0x40 .\CortexM0\ARM_GCC_541\Debug\PSOC_Mid.a(CyLib.o)
 .text.CySysTickStart
                0x00000000       0x20 .\CortexM0\ARM_GCC_541\Debug\PSOC_Mid.a(CyLib.o)
 .text.CySysTickSetCallback
                0x00000000       0x10 .\CortexM0\ARM_GCC_541\Debug\PSOC_Mid.a(CyLib.o)
 .text.CySysTickGetCallback
                0x00000000        0xc .\CortexM0\ARM_GCC_541\Debug\PSOC_Mid.a(CyLib.o)
 .text.CyGetUniqueId
                0x00000000       0x70 .\CortexM0\ARM_GCC_541\Debug\PSOC_Mid.a(CyLib.o)
 .text          0x00000000        0x0 .\CortexM0\ARM_GCC_541\Debug\PSOC_Mid.a(CyLFClk.o)
 .text.CySysClkIloEnabled
                0x00000000       0x14 .\CortexM0\ARM_GCC_541\Debug\PSOC_Mid.a(CyLFClk.o)
 .text.CySysClkIloStart
                0x00000000       0x14 .\CortexM0\ARM_GCC_541\Debug\PSOC_Mid.a(CyLFClk.o)
 .text.CySysClkIloStartMeasurement
                0x00000000       0x34 .\CortexM0\ARM_GCC_541\Debug\PSOC_Mid.a(CyLFClk.o)
 .text.CySysClkIloStopMeasurement
                0x00000000       0x14 .\CortexM0\ARM_GCC_541\Debug\PSOC_Mid.a(CyLFClk.o)
 .text.CySysClkIloCompensate
                0x00000000      0x104 .\CortexM0\ARM_GCC_541\Debug\PSOC_Mid.a(CyLFClk.o)
 .text.CySysWdtGetEnabledStatus
                0x00000000       0x24 .\CortexM0\ARM_GCC_541\Debug\PSOC_Mid.a(CyLFClk.o)
 .text.CySysWdtSetMode
                0x00000000       0x38 .\CortexM0\ARM_GCC_541\Debug\PSOC_Mid.a(CyLFClk.o)
 .text.CySysClkLfclkPosedgeRestore
                0x00000000       0x2c .\CortexM0\ARM_GCC_541\Debug\PSOC_Mid.a(CyLFClk.o)
 .text.CySysWdtGetMode
                0x00000000       0x14 .\CortexM0\ARM_GCC_541\Debug\PSOC_Mid.a(CyLFClk.o)
 .text.CySysWdtSetClearOnMatch
                0x00000000       0x34 .\CortexM0\ARM_GCC_541\Debug\PSOC_Mid.a(CyLFClk.o)
 .text.CySysWdtGetClearOnMatch
                0x00000000       0x24 .\CortexM0\ARM_GCC_541\Debug\PSOC_Mid.a(CyLFClk.o)
 .text.CySysWdtEnable
                0x00000000       0x40 .\CortexM0\ARM_GCC_541\Debug\PSOC_Mid.a(CyLFClk.o)
 .text.CySysWdtDisable
                0x00000000       0x44 .\CortexM0\ARM_GCC_541\Debug\PSOC_Mid.a(CyLFClk.o)
 .text.CySysWdtSetCascade
                0x00000000       0x34 .\CortexM0\ARM_GCC_541\Debug\PSOC_Mid.a(CyLFClk.o)
 .text.CySysWdtGetCascade
                0x00000000       0x14 .\CortexM0\ARM_GCC_541\Debug\PSOC_Mid.a(CyLFClk.o)
 .text.CySysWdtSetMatch
                0x00000000       0x38 .\CortexM0\ARM_GCC_541\Debug\PSOC_Mid.a(CyLFClk.o)
 .text.CySysWdtSetToggleBit
                0x00000000       0x30 .\CortexM0\ARM_GCC_541\Debug\PSOC_Mid.a(CyLFClk.o)
 .text.CySysWdtGetToggleBit
                0x00000000       0x10 .\CortexM0\ARM_GCC_541\Debug\PSOC_Mid.a(CyLFClk.o)
 .text.CySysWdtGetMatch
                0x00000000       0x20 .\CortexM0\ARM_GCC_541\Debug\PSOC_Mid.a(CyLFClk.o)
 .text.CySysWdtGetCount
                0x00000000       0x3c .\CortexM0\ARM_GCC_541\Debug\PSOC_Mid.a(CyLFClk.o)
 .text.CySysClkLfclkPosedgeCatch
                0x00000000       0x74 .\CortexM0\ARM_GCC_541\Debug\PSOC_Mid.a(CyLFClk.o)
 .text.CySysClkIloStop
                0x00000000       0x38 .\CortexM0\ARM_GCC_541\Debug\PSOC_Mid.a(CyLFClk.o)
 .text.CySysWdtGetInterruptSource
                0x00000000       0x14 .\CortexM0\ARM_GCC_541\Debug\PSOC_Mid.a(CyLFClk.o)
 .text.CySysWdtResetCounters
                0x00000000       0x20 .\CortexM0\ARM_GCC_541\Debug\PSOC_Mid.a(CyLFClk.o)
 .text.CySysWdtSetInterruptCallback
                0x00000000       0x20 .\CortexM0\ARM_GCC_541\Debug\PSOC_Mid.a(CyLFClk.o)
 .text.CySysWdtGetInterruptCallback
                0x00000000       0x20 .\CortexM0\ARM_GCC_541\Debug\PSOC_Mid.a(CyLFClk.o)
 .text.CySysWdtEnableCounterIsr
                0x00000000       0x34 .\CortexM0\ARM_GCC_541\Debug\PSOC_Mid.a(CyLFClk.o)
 .text.CySysWdtDisableCounterIsr
                0x00000000       0x28 .\CortexM0\ARM_GCC_541\Debug\PSOC_Mid.a(CyLFClk.o)
 .text.CySysWatchdogFeed
                0x00000000       0x60 .\CortexM0\ARM_GCC_541\Debug\PSOC_Mid.a(CyLFClk.o)
 .text.CySysTimerDelayUntilMatch
                0x00000000       0x6c .\CortexM0\ARM_GCC_541\Debug\PSOC_Mid.a(CyLFClk.o)
 .text.CySysTimerDelay
                0x00000000       0x3c .\CortexM0\ARM_GCC_541\Debug\PSOC_Mid.a(CyLFClk.o)
 .rodata        0x00000000        0xc .\CortexM0\ARM_GCC_541\Debug\PSOC_Mid.a(CyLFClk.o)
 .text          0x00000000        0x0 .\CortexM0\ARM_GCC_541\Debug\PSOC_Mid.a(SPIS.o)
 .data          0x00000000        0x0 .\CortexM0\ARM_GCC_541\Debug\PSOC_Mid.a(SPIS.o)
 .text.SPIS_ScbModeStop
                0x00000000        0x8 .\CortexM0\ARM_GCC_541\Debug\PSOC_Mid.a(SPIS.o)
 .text.SPIS_Stop
                0x00000000       0x20 .\CortexM0\ARM_GCC_541\Debug\PSOC_Mid.a(SPIS.o)
 .text.SPIS_SetRxFifoLevel
                0x00000000       0x14 .\CortexM0\ARM_GCC_541\Debug\PSOC_Mid.a(SPIS.o)
 .text.SPIS_SetTxFifoLevel
                0x00000000       0x14 .\CortexM0\ARM_GCC_541\Debug\PSOC_Mid.a(SPIS.o)
 .text.SPIS_I2CSlaveNackGeneration
                0x00000000       0x3c .\CortexM0\ARM_GCC_541\Debug\PSOC_Mid.a(SPIS.o)
 .text          0x00000000        0x0 .\CortexM0\ARM_GCC_541\Debug\PSOC_Mid.a(SPIS_SPI.o)
 .data          0x00000000        0x0 .\CortexM0\ARM_GCC_541\Debug\PSOC_Mid.a(SPIS_SPI.o)
 .bss           0x00000000        0x0 .\CortexM0\ARM_GCC_541\Debug\PSOC_Mid.a(SPIS_SPI.o)
 .text.SPIS_SpiStop
                0x00000000       0x18 .\CortexM0\ARM_GCC_541\Debug\PSOC_Mid.a(SPIS_SPI.o)
 .data          0x00000000        0x0 .\CortexM0\ARM_GCC_541\Debug\PSOC_Mid.a(CyBootAsmGnu.o)
 .bss           0x00000000        0x0 .\CortexM0\ARM_GCC_541\Debug\PSOC_Mid.a(CyBootAsmGnu.o)
 .text          0x00000000      0x114 c:/program files (x86)/cypress/psoc creator/4.1/psoc creator/import/gnu/arm/5.4.1/bin/../lib/gcc/arm-none-eabi/5.4.1/armv6-m\libgcc.a(_udivsi3.o)
 .data          0x00000000        0x0 c:/program files (x86)/cypress/psoc creator/4.1/psoc creator/import/gnu/arm/5.4.1/bin/../lib/gcc/arm-none-eabi/5.4.1/armv6-m\libgcc.a(_udivsi3.o)
 .bss           0x00000000        0x0 c:/program files (x86)/cypress/psoc creator/4.1/psoc creator/import/gnu/arm/5.4.1/bin/../lib/gcc/arm-none-eabi/5.4.1/armv6-m\libgcc.a(_udivsi3.o)
 .text          0x00000000        0x4 c:/program files (x86)/cypress/psoc creator/4.1/psoc creator/import/gnu/arm/5.4.1/bin/../lib/gcc/arm-none-eabi/5.4.1/armv6-m\libgcc.a(_dvmd_tls.o)
 .data          0x00000000        0x0 c:/program files (x86)/cypress/psoc creator/4.1/psoc creator/import/gnu/arm/5.4.1/bin/../lib/gcc/arm-none-eabi/5.4.1/armv6-m\libgcc.a(_dvmd_tls.o)
 .bss           0x00000000        0x0 c:/program files (x86)/cypress/psoc creator/4.1/psoc creator/import/gnu/arm/5.4.1/bin/../lib/gcc/arm-none-eabi/5.4.1/armv6-m\libgcc.a(_dvmd_tls.o)
 .text          0x00000000        0x0 c:/program files (x86)/cypress/psoc creator/4.1/psoc creator/import/gnu/arm/5.4.1/bin/../lib/gcc/arm-none-eabi/5.4.1/../../../../arm-none-eabi/lib/armv6-m\libg_nano.a(lib_a-errno.o)
 .data          0x00000000        0x0 c:/program files (x86)/cypress/psoc creator/4.1/psoc creator/import/gnu/arm/5.4.1/bin/../lib/gcc/arm-none-eabi/5.4.1/../../../../arm-none-eabi/lib/armv6-m\libg_nano.a(lib_a-errno.o)
 .bss           0x00000000        0x0 c:/program files (x86)/cypress/psoc creator/4.1/psoc creator/import/gnu/arm/5.4.1/bin/../lib/gcc/arm-none-eabi/5.4.1/../../../../arm-none-eabi/lib/armv6-m\libg_nano.a(lib_a-errno.o)
 .text          0x00000000        0x0 c:/program files (x86)/cypress/psoc creator/4.1/psoc creator/import/gnu/arm/5.4.1/bin/../lib/gcc/arm-none-eabi/5.4.1/../../../../arm-none-eabi/lib/armv6-m\libg_nano.a(lib_a-exit.o)
 .data          0x00000000        0x0 c:/program files (x86)/cypress/psoc creator/4.1/psoc creator/import/gnu/arm/5.4.1/bin/../lib/gcc/arm-none-eabi/5.4.1/../../../../arm-none-eabi/lib/armv6-m\libg_nano.a(lib_a-exit.o)
 .bss           0x00000000        0x0 c:/program files (x86)/cypress/psoc creator/4.1/psoc creator/import/gnu/arm/5.4.1/bin/../lib/gcc/arm-none-eabi/5.4.1/../../../../arm-none-eabi/lib/armv6-m\libg_nano.a(lib_a-exit.o)
 .text.exit     0x00000000       0x2c c:/program files (x86)/cypress/psoc creator/4.1/psoc creator/import/gnu/arm/5.4.1/bin/../lib/gcc/arm-none-eabi/5.4.1/../../../../arm-none-eabi/lib/armv6-m\libg_nano.a(lib_a-exit.o)
 .text          0x00000000        0x0 c:/program files (x86)/cypress/psoc creator/4.1/psoc creator/import/gnu/arm/5.4.1/bin/../lib/gcc/arm-none-eabi/5.4.1/../../../../arm-none-eabi/lib/armv6-m\libg_nano.a(lib_a-impure.o)
 .data          0x00000000        0x0 c:/program files (x86)/cypress/psoc creator/4.1/psoc creator/import/gnu/arm/5.4.1/bin/../lib/gcc/arm-none-eabi/5.4.1/../../../../arm-none-eabi/lib/armv6-m\libg_nano.a(lib_a-impure.o)
 .bss           0x00000000        0x0 c:/program files (x86)/cypress/psoc creator/4.1/psoc creator/import/gnu/arm/5.4.1/bin/../lib/gcc/arm-none-eabi/5.4.1/../../../../arm-none-eabi/lib/armv6-m\libg_nano.a(lib_a-impure.o)
 .rodata._global_impure_ptr
                0x00000000        0x4 c:/program files (x86)/cypress/psoc creator/4.1/psoc creator/import/gnu/arm/5.4.1/bin/../lib/gcc/arm-none-eabi/5.4.1/../../../../arm-none-eabi/lib/armv6-m\libg_nano.a(lib_a-impure.o)
 .text          0x00000000        0x0 c:/program files (x86)/cypress/psoc creator/4.1/psoc creator/import/gnu/arm/5.4.1/bin/../lib/gcc/arm-none-eabi/5.4.1/../../../../arm-none-eabi/lib/armv6-m\libg_nano.a(lib_a-init.o)
 .data          0x00000000        0x0 c:/program files (x86)/cypress/psoc creator/4.1/psoc creator/import/gnu/arm/5.4.1/bin/../lib/gcc/arm-none-eabi/5.4.1/../../../../arm-none-eabi/lib/armv6-m\libg_nano.a(lib_a-init.o)
 .bss           0x00000000        0x0 c:/program files (x86)/cypress/psoc creator/4.1/psoc creator/import/gnu/arm/5.4.1/bin/../lib/gcc/arm-none-eabi/5.4.1/../../../../arm-none-eabi/lib/armv6-m\libg_nano.a(lib_a-init.o)
 .text          0x00000000        0x0 c:/program files (x86)/cypress/psoc creator/4.1/psoc creator/import/gnu/arm/5.4.1/bin/../lib/gcc/arm-none-eabi/5.4.1/../../../../arm-none-eabi/lib/armv6-m\libg_nano.a(lib_a-memset.o)
 .data          0x00000000        0x0 c:/program files (x86)/cypress/psoc creator/4.1/psoc creator/import/gnu/arm/5.4.1/bin/../lib/gcc/arm-none-eabi/5.4.1/../../../../arm-none-eabi/lib/armv6-m\libg_nano.a(lib_a-memset.o)
 .bss           0x00000000        0x0 c:/program files (x86)/cypress/psoc creator/4.1/psoc creator/import/gnu/arm/5.4.1/bin/../lib/gcc/arm-none-eabi/5.4.1/../../../../arm-none-eabi/lib/armv6-m\libg_nano.a(lib_a-memset.o)
 .text          0x00000000        0x0 c:/program files (x86)/cypress/psoc creator/4.1/psoc creator/import/gnu/arm/5.4.1/bin/../lib/gcc/arm-none-eabi/5.4.1/armv6-m/crtend.o
 .data          0x00000000        0x0 c:/program files (x86)/cypress/psoc creator/4.1/psoc creator/import/gnu/arm/5.4.1/bin/../lib/gcc/arm-none-eabi/5.4.1/armv6-m/crtend.o
 .bss           0x00000000        0x0 c:/program files (x86)/cypress/psoc creator/4.1/psoc creator/import/gnu/arm/5.4.1/bin/../lib/gcc/arm-none-eabi/5.4.1/armv6-m/crtend.o
 .text          0x00000000        0x0 c:/program files (x86)/cypress/psoc creator/4.1/psoc creator/import/gnu/arm/5.4.1/bin/../lib/gcc/arm-none-eabi/5.4.1/armv6-m/crtn.o
 .data          0x00000000        0x0 c:/program files (x86)/cypress/psoc creator/4.1/psoc creator/import/gnu/arm/5.4.1/bin/../lib/gcc/arm-none-eabi/5.4.1/armv6-m/crtn.o
 .bss           0x00000000        0x0 c:/program files (x86)/cypress/psoc creator/4.1/psoc creator/import/gnu/arm/5.4.1/bin/../lib/gcc/arm-none-eabi/5.4.1/armv6-m/crtn.o

Memory Configuration

Name             Origin             Length             Attributes
rom              0x00000000         0x00008000         xr
ram              0x20000000         0x00001000         xrw
*default*        0x00000000         0xffffffff

Linker script and memory map

LOAD c:/program files (x86)/cypress/psoc creator/4.1/psoc creator/import/gnu/arm/5.4.1/bin/../lib/gcc/arm-none-eabi/5.4.1/armv6-m/crti.o
LOAD c:/program files (x86)/cypress/psoc creator/4.1/psoc creator/import/gnu/arm/5.4.1/bin/../lib/gcc/arm-none-eabi/5.4.1/armv6-m/crtbegin.o
LOAD c:/program files (x86)/cypress/psoc creator/4.1/psoc creator/import/gnu/arm/5.4.1/bin/../lib/gcc/arm-none-eabi/5.4.1/../../../../arm-none-eabi/lib/armv6-m/crt0.o
START GROUP
LOAD .\CortexM0\ARM_GCC_541\Debug\main.o
LOAD .\CortexM0\ARM_GCC_541\Debug\cyfitter_cfg.o
LOAD .\CortexM0\ARM_GCC_541\Debug\cymetadata.o
LOAD .\CortexM0\ARM_GCC_541\Debug\Cm0Start.o
LOAD .\CortexM0\ARM_GCC_541\Debug\PSOC_Mid.a
LOAD C:\Program Files (x86)\Cypress\PSoC Creator\4.1\PSoC Creator\psoc\content\cycomponentlibrary\CyComponentLibrary.cylib\CortexM0\ARM_GCC_541\Debug\CyComponentLibrary.a
END GROUP
START GROUP
LOAD c:/program files (x86)/cypress/psoc creator/4.1/psoc creator/import/gnu/arm/5.4.1/bin/../lib/gcc/arm-none-eabi/5.4.1/armv6-m\libgcc.a
LOAD c:/program files (x86)/cypress/psoc creator/4.1/psoc creator/import/gnu/arm/5.4.1/bin/../lib/gcc/arm-none-eabi/5.4.1/../../../../arm-none-eabi/lib/armv6-m\libg_nano.a
LOAD c:/program files (x86)/cypress/psoc creator/4.1/psoc creator/import/gnu/arm/5.4.1/bin/../lib/gcc/arm-none-eabi/5.4.1/../../../../arm-none-eabi/lib/armv6-m\libc_nano.a
END GROUP
START GROUP
LOAD c:/program files (x86)/cypress/psoc creator/4.1/psoc creator/import/gnu/arm/5.4.1/bin/../lib/gcc/arm-none-eabi/5.4.1/armv6-m\libgcc.a
LOAD c:/program files (x86)/cypress/psoc creator/4.1/psoc creator/import/gnu/arm/5.4.1/bin/../lib/gcc/arm-none-eabi/5.4.1/../../../../arm-none-eabi/lib/armv6-m\libc_nano.a
END GROUP
LOAD c:/program files (x86)/cypress/psoc creator/4.1/psoc creator/import/gnu/arm/5.4.1/bin/../lib/gcc/arm-none-eabi/5.4.1/armv6-m/crtend.o
LOAD c:/program files (x86)/cypress/psoc creator/4.1/psoc creator/import/gnu/arm/5.4.1/bin/../lib/gcc/arm-none-eabi/5.4.1/armv6-m/crtn.o
START GROUP
LOAD c:/program files (x86)/cypress/psoc creator/4.1/psoc creator/import/gnu/arm/5.4.1/bin/../lib/gcc/arm-none-eabi/5.4.1/armv6-m\libgcc.a
LOAD c:/program files (x86)/cypress/psoc creator/4.1/psoc creator/import/gnu/arm/5.4.1/bin/../lib/gcc/arm-none-eabi/5.4.1/../../../../arm-none-eabi/lib/armv6-m\libc.a
LOAD c:/program files (x86)/cypress/psoc creator/4.1/psoc creator/import/gnu/arm/5.4.1/bin/../lib/gcc/arm-none-eabi/5.4.1/../../../../arm-none-eabi/lib/armv6-m\libnosys.a
END GROUP
                0x00000000                CY_APPL_ORIGIN = 0x0
                0x00000080                CY_FLASH_ROW_SIZE = 0x80
                0x00000001                CY_APPL_NUM = 0x1
                0x00000001                CY_APPL_MAX = 0x1
                0x00000040                CY_METADATA_SIZE = 0x40
                0x00000000                CY_APPL_LOADABLE = 0x0
                0x00000000                CY_CHECKSUM_EXCLUDE_SIZE = ALIGN (0x0, CY_FLASH_ROW_SIZE)
                0x00000000                CY_APP_FOR_STACK_AND_COPIER = 0x0
                [!provide]                PROVIDE (__cy_heap_start, _end)
                0x00000001                PROVIDE (__cy_region_num, ((__cy_regions_end - __cy_regions) / 0x10))
                0x20001000                PROVIDE (__cy_stack, (ORIGIN (ram) + LENGTH (ram)))
                [!provide]                PROVIDE (__cy_heap_end, (__cy_stack - 0x400))

.cybootloader   0x00000000        0x0
 *(.cybootloader)
                0x00000000                appl1_start = CY_APPL_ORIGIN?CY_APPL_ORIGIN:ALIGN (CY_FLASH_ROW_SIZE)
                0x00003f80                appl2_start = (appl1_start + ALIGN ((((LENGTH (rom) - appl1_start) - (0x2 * CY_FLASH_ROW_SIZE)) / 0x2), CY_FLASH_ROW_SIZE))
                0x00000000                appl_start = (CY_APPL_NUM == 0x1)?appl1_start:appl2_start
                0x00000001                cy_project_type_bootloader = (appl_start == 0x0)?0x1:0x0
                0x00000000                cy_project_type_app_for_stack_and_copier = (CY_APP_FOR_STACK_AND_COPIER == 0x1)?0x1:0x0

.text           0x00000000      0xd54
 CREATE_OBJECT_SYMBOLS
                0x00000000                PROVIDE (__cy_interrupt_vector, RomVectors)
 *(.romvectors)
 .romvectors    0x00000000       0x10 .\CortexM0\ARM_GCC_541\Debug\Cm0Start.o
                0x00000000                RomVectors
                0x00000001                ASSERT ((. != __cy_interrupt_vector), No interrupt vector)
                0x00000001                ASSERT (CY_APPL_ORIGIN?(SIZEOF (.cybootloader) <= CY_APPL_ORIGIN):0x1, Wrong image location)
                0x00000010                PROVIDE (__cy_reset, Reset)
 *(.text.Reset)
 .text.Reset    0x00000010        0x8 .\CortexM0\ARM_GCC_541\Debug\Cm0Start.o
                0x00000010                Reset
                0x00000001                ASSERT ((. != __cy_reset), No reset code)
 *(.psocinit)
 .psocinit      0x00000018      0x184 .\CortexM0\ARM_GCC_541\Debug\cyfitter_cfg.o
                0x000000a8                cyfitter_cfg
                0x0000019c                . = MAX (., 0x100)
 *(.text .text.* .gnu.linkonce.t.*)
 .text          0x0000019c       0x60 c:/program files (x86)/cypress/psoc creator/4.1/psoc creator/import/gnu/arm/5.4.1/bin/../lib/gcc/arm-none-eabi/5.4.1/armv6-m/crtbegin.o
 .text.setLED   0x000001fc       0x3c .\CortexM0\ARM_GCC_541\Debug\main.o
                0x000001fc                setLED
 .text.ExecuteCommand
                0x00000238      0x138 .\CortexM0\ARM_GCC_541\Debug\main.o
 .text.setBG    0x00000370       0x40 .\CortexM0\ARM_GCC_541\Debug\main.o
                0x00000370                setBG
 .text.main     0x000003b0       0x40 .\CortexM0\ARM_GCC_541\Debug\main.o
                0x000003b0                main
 .text.cfg_write_bytes32
                0x000003f0       0x34 .\CortexM0\ARM_GCC_541\Debug\cyfitter_cfg.o
 .text.CYMEMZERO
                0x00000424        0xc .\CortexM0\ARM_GCC_541\Debug\cyfitter_cfg.o
 .text.IntDefaultHandler
                0x00000430       0x10 .\CortexM0\ARM_GCC_541\Debug\Cm0Start.o
                0x00000430                IntDefaultHandler
 .text.Start_c  0x00000440       0x48 .\CortexM0\ARM_GCC_541\Debug\Cm0Start.o
                0x00000440                Start_c
 .text.initialize_psoc
                0x00000488       0x40 .\CortexM0\ARM_GCC_541\Debug\Cm0Start.o
                0x00000488                initialize_psoc
 .text.StripLights_FISR
                0x000004c8       0x68 .\CortexM0\ARM_GCC_541\Debug\PSOC_Mid.a(StripLights.o)
                0x000004c8                StripLights_FISR
 .text.StripLights_CISR
                0x00000530       0x7c .\CortexM0\ARM_GCC_541\Debug\PSOC_Mid.a(StripLights.o)
                0x00000530                StripLights_CISR
 .text.StripLights_Trigger
                0x000005ac       0x70 .\CortexM0\ARM_GCC_541\Debug\PSOC_Mid.a(StripLights.o)
                0x000005ac                StripLights_Trigger
 .text.StripLights_Ready
                0x0000061c       0x1c .\CortexM0\ARM_GCC_541\Debug\PSOC_Mid.a(StripLights.o)
                0x0000061c                StripLights_Ready
 .text.StripLights_getColor
                0x00000638        0xc .\CortexM0\ARM_GCC_541\Debug\PSOC_Mid.a(StripLights.o)
                0x00000638                StripLights_getColor
 .text.StripLights_MemClear
                0x00000644       0x34 .\CortexM0\ARM_GCC_541\Debug\PSOC_Mid.a(StripLights.o)
                0x00000644                StripLights_MemClear
 .text.StripLights_Pixel
                0x00000678       0x2c .\CortexM0\ARM_GCC_541\Debug\PSOC_Mid.a(StripLights.o)
                0x00000678                StripLights_Pixel
 .text.StripLights_Dim
                0x000006a4       0x78 .\CortexM0\ARM_GCC_541\Debug\PSOC_Mid.a(StripLights.o)
                0x000006a4                StripLights_Dim
 .text.StripLights_Start
                0x0000071c       0x8c .\CortexM0\ARM_GCC_541\Debug\PSOC_Mid.a(StripLights.o)
                0x0000071c                StripLights_Start
 .text.StripLights_SetFont
                0x000007a8       0x4c .\CortexM0\ARM_GCC_541\Debug\PSOC_Mid.a(StripLights_fonts.o)
                0x000007a8                StripLights_SetFont
 .text.StripLights_cisr_SetVector
                0x000007f4        0xc .\CortexM0\ARM_GCC_541\Debug\PSOC_Mid.a(StripLights_cisr.o)
                0x000007f4                StripLights_cisr_SetVector
 .text.StripLights_cisr_SetPriority
                0x00000800       0x20 .\CortexM0\ARM_GCC_541\Debug\PSOC_Mid.a(StripLights_cisr.o)
                0x00000800                StripLights_cisr_SetPriority
 .text.StripLights_cisr_Enable
                0x00000820        0xc .\CortexM0\ARM_GCC_541\Debug\PSOC_Mid.a(StripLights_cisr.o)
                0x00000820                StripLights_cisr_Enable
 .text.StripLights_cisr_Disable
                0x0000082c        0xc .\CortexM0\ARM_GCC_541\Debug\PSOC_Mid.a(StripLights_cisr.o)
                0x0000082c                StripLights_cisr_Disable
 .text.StripLights_cisr_StartEx
                0x00000838       0x1c .\CortexM0\ARM_GCC_541\Debug\PSOC_Mid.a(StripLights_cisr.o)
                0x00000838                StripLights_cisr_StartEx
 .text.StripLights_fisr_SetVector
                0x00000854        0xc .\CortexM0\ARM_GCC_541\Debug\PSOC_Mid.a(StripLights_fisr.o)
                0x00000854                StripLights_fisr_SetVector
 .text.StripLights_fisr_SetPriority
                0x00000860       0x24 .\CortexM0\ARM_GCC_541\Debug\PSOC_Mid.a(StripLights_fisr.o)
                0x00000860                StripLights_fisr_SetPriority
 .text.StripLights_fisr_Enable
                0x00000884        0xc .\CortexM0\ARM_GCC_541\Debug\PSOC_Mid.a(StripLights_fisr.o)
                0x00000884                StripLights_fisr_Enable
 .text.StripLights_fisr_Disable
                0x00000890        0xc .\CortexM0\ARM_GCC_541\Debug\PSOC_Mid.a(StripLights_fisr.o)
                0x00000890                StripLights_fisr_Disable
 .text.StripLights_fisr_StartEx
                0x0000089c       0x1c .\CortexM0\ARM_GCC_541\Debug\PSOC_Mid.a(StripLights_fisr.o)
                0x0000089c                StripLights_fisr_StartEx
 .text.CyIntEnable
                0x000008b8       0x14 .\CortexM0\ARM_GCC_541\Debug\PSOC_Mid.a(CyLib.o)
                0x000008b8                CyIntEnable
 .text.CyHalt   0x000008cc        0x4 .\CortexM0\ARM_GCC_541\Debug\PSOC_Mid.a(CyLib.o)
                0x000008cc                CyHalt
 .text.CyIntSetVector
                0x000008d0       0x24 .\CortexM0\ARM_GCC_541\Debug\PSOC_Mid.a(CyLib.o)
                0x000008d0                CyIntSetVector
 .text.CyDelay  0x000008f4       0x30 .\CortexM0\ARM_GCC_541\Debug\PSOC_Mid.a(CyLib.o)
                0x000008f4                CyDelay
 .text.CyDelayUs
                0x00000924       0x14 .\CortexM0\ARM_GCC_541\Debug\PSOC_Mid.a(CyLib.o)
                0x00000924                CyDelayUs
 .text.CySysClkWriteImoFreq
                0x00000938      0x164 .\CortexM0\ARM_GCC_541\Debug\PSOC_Mid.a(CyLib.o)
                0x00000938                CySysClkWriteImoFreq
 .text.CySysWdtLocked
                0x00000a9c       0x14 .\CortexM0\ARM_GCC_541\Debug\PSOC_Mid.a(CyLFClk.o)
 .text.CySysWdtLock
                0x00000ab0       0x1c .\CortexM0\ARM_GCC_541\Debug\PSOC_Mid.a(CyLFClk.o)
                0x00000ab0                CySysWdtLock
 .text.CySysWdtUnlock
                0x00000acc       0x30 .\CortexM0\ARM_GCC_541\Debug\PSOC_Mid.a(CyLFClk.o)
                0x00000acc                CySysWdtUnlock
 .text.CySysWdtClearInterrupt
                0x00000afc       0x4c .\CortexM0\ARM_GCC_541\Debug\PSOC_Mid.a(CyLFClk.o)
                0x00000afc                CySysWdtClearInterrupt
 .text.CySysWdtIsr
                0x00000b48       0xa4 .\CortexM0\ARM_GCC_541\Debug\PSOC_Mid.a(CyLFClk.o)
                0x00000b48                CySysWdtIsr
 .text.SPIS_ScbModePostEnable
                0x00000bec        0x8 .\CortexM0\ARM_GCC_541\Debug\PSOC_Mid.a(SPIS.o)
 .text.SPIS_Init
                0x00000bf4        0x8 .\CortexM0\ARM_GCC_541\Debug\PSOC_Mid.a(SPIS.o)
                0x00000bf4                SPIS_Init
 .text.SPIS_Enable
                0x00000bfc       0x18 .\CortexM0\ARM_GCC_541\Debug\PSOC_Mid.a(SPIS.o)
                0x00000bfc                SPIS_Enable
 .text.SPIS_Start
                0x00000c14       0x20 .\CortexM0\ARM_GCC_541\Debug\PSOC_Mid.a(SPIS.o)
                0x00000c14                SPIS_Start
 .text.SPIS_SpiInit
                0x00000c34       0x80 .\CortexM0\ARM_GCC_541\Debug\PSOC_Mid.a(SPIS_SPI.o)
                0x00000c34                SPIS_SpiInit
 .text.SPIS_SpiPostEnable
                0x00000cb4       0x14 .\CortexM0\ARM_GCC_541\Debug\PSOC_Mid.a(SPIS_SPI.o)
                0x00000cb4                SPIS_SpiPostEnable
 .text          0x00000cc8       0x24 .\CortexM0\ARM_GCC_541\Debug\PSOC_Mid.a(CyBootAsmGnu.o)
                0x00000cc8                CyDelayCycles
                0x00000cdc                CyEnterCriticalSection
                0x00000ce4                CyExitCriticalSection
 .text.__errno  0x00000cec        0xc c:/program files (x86)/cypress/psoc creator/4.1/psoc creator/import/gnu/arm/5.4.1/bin/../lib/gcc/arm-none-eabi/5.4.1/../../../../arm-none-eabi/lib/armv6-m\libg_nano.a(lib_a-errno.o)
                0x00000cec                __errno
 .text.__libc_init_array
                0x00000cf8       0x4c c:/program files (x86)/cypress/psoc creator/4.1/psoc creator/import/gnu/arm/5.4.1/bin/../lib/gcc/arm-none-eabi/5.4.1/../../../../arm-none-eabi/lib/armv6-m\libg_nano.a(lib_a-init.o)
                0x00000cf8                __libc_init_array
 .text.memset   0x00000d44       0x10 c:/program files (x86)/cypress/psoc creator/4.1/psoc creator/import/gnu/arm/5.4.1/bin/../lib/gcc/arm-none-eabi/5.4.1/../../../../arm-none-eabi/lib/armv6-m\libg_nano.a(lib_a-memset.o)
                0x00000d44                memset
 *(.plt)
 *(.gnu.warning)
 *(.glue_7t)
 .glue_7t       0x00000d54        0x0 linker stubs
 *(.glue_7)
 .glue_7        0x00000d54        0x0 linker stubs
 *(.vfp11_veneer)
 .vfp11_veneer  0x00000d54        0x0 linker stubs
 *(.bootloader)
 *(.ARM.extab* .gnu.linkonce.armextab.*)
 *(.gcc_except_table)

.v4_bx          0x00000d54        0x0
 .v4_bx         0x00000d54        0x0 linker stubs

.iplt           0x00000d54        0x0
 .iplt          0x00000d54        0x0 c:/program files (x86)/cypress/psoc creator/4.1/psoc creator/import/gnu/arm/5.4.1/bin/../lib/gcc/arm-none-eabi/5.4.1/armv6-m/crtbegin.o

.eh_frame_hdr
 *(.eh_frame_hdr)

.eh_frame       0x00000d54        0x4
 *(.eh_frame)
 .eh_frame      0x00000d54        0x0 c:/program files (x86)/cypress/psoc creator/4.1/psoc creator/import/gnu/arm/5.4.1/bin/../lib/gcc/arm-none-eabi/5.4.1/armv6-m/crtbegin.o
 .eh_frame      0x00000d54        0x4 c:/program files (x86)/cypress/psoc creator/4.1/psoc creator/import/gnu/arm/5.4.1/bin/../lib/gcc/arm-none-eabi/5.4.1/armv6-m/crtend.o
                [!provide]                PROVIDE (__exidx_start, .)

.ARM.exidx
 *(.ARM.exidx* .gnu.linkonce.armexidx.*)
                0x00000d58                __exidx_end = .

.rodata         0x00000d58      0x630
 *(.rodata .rodata.* .gnu.linkonce.r.*)
 .rodata        0x00000d58       0x6b .\CortexM0\ARM_GCC_541\Debug\main.o
                0x00000dc0                dummyBuffer
 *fill*         0x00000dc3        0x1 
 .rodata        0x00000dc4      0x1a0 .\CortexM0\ARM_GCC_541\Debug\cyfitter_cfg.o
 .rodata        0x00000f64      0x1e0 .\CortexM0\ARM_GCC_541\Debug\PSOC_Mid.a(StripLights.o)
                0x00000f64                StripLights_CLUT
 .rodata        0x00001144      0x1e0 .\CortexM0\ARM_GCC_541\Debug\PSOC_Mid.a(StripLights_fonts.o)
                0x00001144                StripLights_Font5x7
 .rodata        0x00001324       0x2e .\CortexM0\ARM_GCC_541\Debug\PSOC_Mid.a(CyLib.o)
                0x00001324                cyImoFreqMhz2Reg
 .rodata.str1.1
                0x00001352        0x2 c:/program files (x86)/cypress/psoc creator/4.1/psoc creator/import/gnu/arm/5.4.1/bin/../lib/gcc/arm-none-eabi/5.4.1/../../../../arm-none-eabi/lib/armv6-m\libg_nano.a(lib_a-impure.o)
                0x00001354                . = ALIGN (0x4)
 *(.init)
 .init          0x00001354        0x4 c:/program files (x86)/cypress/psoc creator/4.1/psoc creator/import/gnu/arm/5.4.1/bin/../lib/gcc/arm-none-eabi/5.4.1/armv6-m/crti.o
                0x00001354                _init
 .init          0x00001358        0x8 c:/program files (x86)/cypress/psoc creator/4.1/psoc creator/import/gnu/arm/5.4.1/bin/../lib/gcc/arm-none-eabi/5.4.1/armv6-m/crtn.o
                0x00001360                . = ALIGN (0x4)
                0x00001360                __preinit_array_start = .
 *(.preinit_array)
                0x00001360                __preinit_array_end = .
                0x00001360                . = ALIGN (0x4)
                0x00001360                __init_array_start = .
 *(SORT(.init_array.*))
 *(.init_array)
 .init_array    0x00001360        0x4 c:/program files (x86)/cypress/psoc creator/4.1/psoc creator/import/gnu/arm/5.4.1/bin/../lib/gcc/arm-none-eabi/5.4.1/armv6-m/crtbegin.o
 .init_array    0x00001364        0x4 .\CortexM0\ARM_GCC_541\Debug\Cm0Start.o
                0x00001368                __init_array_end = .
                0x00001368                . = ALIGN (0x4)
 *(.fini)
 .fini          0x00001368        0x4 c:/program files (x86)/cypress/psoc creator/4.1/psoc creator/import/gnu/arm/5.4.1/bin/../lib/gcc/arm-none-eabi/5.4.1/armv6-m/crti.o
                0x00001368                _fini
 .fini          0x0000136c        0x8 c:/program files (x86)/cypress/psoc creator/4.1/psoc creator/import/gnu/arm/5.4.1/bin/../lib/gcc/arm-none-eabi/5.4.1/armv6-m/crtn.o
                0x00001374                . = ALIGN (0x4)
                0x00001374                __fini_array_start = .
 *(.fini_array)
 .fini_array    0x00001374        0x4 c:/program files (x86)/cypress/psoc creator/4.1/psoc creator/import/gnu/arm/5.4.1/bin/../lib/gcc/arm-none-eabi/5.4.1/armv6-m/crtbegin.o
 *(SORT(.fini_array.*))
                0x00001378                __fini_array_end = .
                0x00001378                . = ALIGN (0x4)
 *crtbegin.o(.ctors)
 *(EXCLUDE_FILE(*crtend.o) .ctors)
 *(SORT(.ctors.*))
 *crtend.o(.ctors)
                0x00001378                . = ALIGN (0x4)
 *crtbegin.o(.dtors)
 *(EXCLUDE_FILE(*crtend.o) .dtors)
 *(SORT(.dtors.*))
 *crtend.o(.dtors)
                0x00001378                . = ALIGN (0x4)
                0x00001378                __cy_regions = .
                0x00001378        0x4 LONG 0x1388 __cy_region_init_ram
                0x0000137c        0x4 LONG 0x200000c0 __cy_region_start_data
                0x00001380        0x4 LONG 0x80 __cy_region_init_size_ram
                0x00001384        0x4 LONG 0x918 __cy_region_zero_size_ram
                0x00001388                __cy_regions_end = .
                0x00001388                . = ALIGN (0x8)
                0x00001388                _etext = .

.cy_checksum_exclude
                0x00001388        0x0
 *(.cy_checksum_exclude)

.ramvectors     0x20000000       0xc0
                0x20000000                __cy_region_start_ram = .
 *(.ramvectors)
 .ramvectors    0x20000000       0xc0 .\CortexM0\ARM_GCC_541\Debug\Cm0Start.o
                0x20000000                CyRamVectors

.noinit
 *(.noinit)

.data           0x200000c0       0x80 load address 0x00001388
                0x200000c0                __cy_region_start_data = .
 *(.jcr)
 .jcr           0x200000c0        0x0 c:/program files (x86)/cypress/psoc creator/4.1/psoc creator/import/gnu/arm/5.4.1/bin/../lib/gcc/arm-none-eabi/5.4.1/armv6-m/crtbegin.o
 .jcr           0x200000c0        0x4 c:/program files (x86)/cypress/psoc creator/4.1/psoc creator/import/gnu/arm/5.4.1/bin/../lib/gcc/arm-none-eabi/5.4.1/armv6-m/crtend.o
 *(.got.plt)
 *(.got)
 *(.shdata)
 *(.data .data.* .gnu.linkonce.d.*)
 .data          0x200000c4       0x14 .\CortexM0\ARM_GCC_541\Debug\PSOC_Mid.a(CyLib.o)
                0x200000c4                CySysClkPumpConfig
                0x200000c8                cydelay32kMs
                0x200000cc                cydelayFreqKhz
                0x200000d0                cydelayFreqMhz
                0x200000d4                cydelayFreqHz
 .data          0x200000d8        0x4 .\CortexM0\ARM_GCC_541\Debug\PSOC_Mid.a(CyLFClk.o)
 .data.impure_data
                0x200000dc       0x60 c:/program files (x86)/cypress/psoc creator/4.1/psoc creator/import/gnu/arm/5.4.1/bin/../lib/gcc/arm-none-eabi/5.4.1/../../../../arm-none-eabi/lib/armv6-m\libg_nano.a(lib_a-impure.o)
 .data._impure_ptr
                0x2000013c        0x4 c:/program files (x86)/cypress/psoc creator/4.1/psoc creator/import/gnu/arm/5.4.1/bin/../lib/gcc/arm-none-eabi/5.4.1/../../../../arm-none-eabi/lib/armv6-m\libg_nano.a(lib_a-impure.o)
                0x2000013c                _impure_ptr
                0x20000140                . = ALIGN (0x8)
 *(.ram)
                0x20000140                _edata = .

.igot.plt       0x20000140        0x0 load address 0x00001408
 .igot.plt      0x20000140        0x0 c:/program files (x86)/cypress/psoc creator/4.1/psoc creator/import/gnu/arm/5.4.1/bin/../lib/gcc/arm-none-eabi/5.4.1/armv6-m/crtbegin.o

.bss            0x20000140      0x918 load address 0x00001408
                0x20000140                PROVIDE (__bss_start__, .)
 *(.shbss)
 *(.bss .bss.* .gnu.linkonce.b.*)
 .bss           0x20000140       0x1c c:/program files (x86)/cypress/psoc creator/4.1/psoc creator/import/gnu/arm/5.4.1/bin/../lib/gcc/arm-none-eabi/5.4.1/armv6-m/crtbegin.o
 .bss           0x2000015c       0x1d .\CortexM0\ARM_GCC_541\Debug\PSOC_Mid.a(StripLights.o)
                0x2000015c                StripLights_row
                0x20000160                StripLights_ledIndex
                0x2000016c                StripLights_EnterCritical
                0x20000170                StripLights_ExitCritical
                0x20000178                StripLights_initvar
 *fill*         0x20000179        0x3 
 .bss           0x2000017c       0x20 .\CortexM0\ARM_GCC_541\Debug\PSOC_Mid.a(CyLFClk.o)
 .bss           0x2000019c        0x4 .\CortexM0\ARM_GCC_541\Debug\PSOC_Mid.a(SPIS.o)
                0x2000019c                SPIS_initVar
                0x2000019e                SPIS_IntrTxMask
 *(COMMON)
 COMMON         0x200001a0      0x8a4 .\CortexM0\ARM_GCC_541\Debug\PSOC_Mid.a(StripLights.o)
                0x200001a0                StripLights_ledArray
                0x20000a38                StripLights_DimMask
                0x20000a3c                StripLights_DimShift
                0x20000a40                StripLights_refreshComplete
 COMMON         0x20000a44       0x10 .\CortexM0\ARM_GCC_541\Debug\PSOC_Mid.a(StripLights_fonts.o)
                0x20000a44                StripLights_fontX
                0x20000a48                StripLights_fontOffset
                0x20000a4c                StripLights_fontPtr
                0x20000a50                StripLights_fontY
                0x20000a58                . = ALIGN (0x8)
 *fill*         0x20000a54        0x4 
 *(.ram.b)
                0x20000a58                _end = .
                0x20000a58                __end = .
                0x20000a58                PROVIDE (end, .)
                0x20000a58                PROVIDE (__bss_end__, .)
                0x00001388                __cy_region_init_ram = LOADADDR (.data)
                0x00000080                __cy_region_init_size_ram = (_edata - ADDR (.data))
                0x00000918                __cy_region_zero_size_ram = (_end - _edata)

.heap           0x20000a58       0x80 load address 0x00001408
                0x20000a58                . = _end
                0x20000ad8                . = (. + 0x80)
 *fill*         0x20000a58       0x80 
                0x20000ad8                __cy_heap_limit = .

.stack          0x20000c00      0x400
                0x20000c00                __cy_stack_limit = .
                0x20001000                . = (. + 0x400)
 *fill*         0x20000c00      0x400 
                0x00000001                ASSERT ((__cy_stack_limit >= __cy_heap_limit), region RAM overflowed with stack)
                0x00000000                cy_checksum_exclude_size = (CY_APPL_LOADABLE == 0x1)?SIZEOF (.cy_checksum_exclude):0x0
                0x00000001                ASSERT ((cy_checksum_exclude_size <= CY_CHECKSUM_EXCLUDE_SIZE), CY_BOOT: Section .cy_checksum_exclude size exceedes specified limit.)
                0x00007fc0                cyloadermeta_start = (cy_project_type_bootloader || cy_project_type_app_for_stack_and_copier)?(LENGTH (rom) - CY_METADATA_SIZE):0xf0000000

.cyloadermeta
 *(.cyloadermeta)
                0x00007fc0                cyloadablemeta_start = cy_project_type_app_for_stack_and_copier?((LENGTH (rom) - CY_FLASH_ROW_SIZE) - CY_METADATA_SIZE):((LENGTH (rom) - (CY_FLASH_ROW_SIZE * (CY_APPL_NUM - 0x1))) - CY_METADATA_SIZE)

.cyloadablemeta
 *(.cyloadablemeta)

.cyflashprotect
                0x90400000       0x20
 *(.cyflashprotect)
 .cyflashprotect
                0x90400000       0x20 .\CortexM0\ARM_GCC_541\Debug\cymetadata.o
                0x90400000                cy_meta_flashprotect

.cymeta         0x90500000        0xc
 *(.cymeta)
 .cymeta        0x90500000        0xc .\CortexM0\ARM_GCC_541\Debug\cymetadata.o
                0x90500000                cy_metadata

.cychipprotect  0x90600000        0x1
 *(.cychipprotect)
 .cychipprotect
                0x90600000        0x1 .\CortexM0\ARM_GCC_541\Debug\cymetadata.o
                0x90600000                cy_meta_chipprotect

.rel.dyn        0x00001408        0x0 load address 0x90600004
 .rel.iplt      0x00001408        0x0 c:/program files (x86)/cypress/psoc creator/4.1/psoc creator/import/gnu/arm/5.4.1/bin/../lib/gcc/arm-none-eabi/5.4.1/armv6-m/crtbegin.o

.stab
 *(.stab)

.stabstr
 *(.stabstr)

.debug
 *(.debug)

.line
 *(.line)

.debug_srcinfo
 *(.debug_srcinfo)

.debug_sfnames
 *(.debug_sfnames)

.debug_aranges  0x00000000      0x648
 *(.debug_aranges)
 .debug_aranges
                0x00000000       0x48 .\CortexM0\ARM_GCC_541\Debug\main.o
 .debug_aranges
                0x00000048       0x38 .\CortexM0\ARM_GCC_541\Debug\cyfitter_cfg.o
 .debug_aranges
                0x00000080       0x18 .\CortexM0\ARM_GCC_541\Debug\cymetadata.o
 .debug_aranges
                0x00000098       0x48 .\CortexM0\ARM_GCC_541\Debug\Cm0Start.o
 .debug_aranges
                0x000000e0       0xd0 .\CortexM0\ARM_GCC_541\Debug\PSOC_Mid.a(StripLights.o)
 .debug_aranges
                0x000001b0       0x30 .\CortexM0\ARM_GCC_541\Debug\PSOC_Mid.a(StripLights_fonts.o)
 .debug_aranges
                0x000001e0       0x80 .\CortexM0\ARM_GCC_541\Debug\PSOC_Mid.a(StripLights_cisr.o)
 .debug_aranges
                0x00000260       0x80 .\CortexM0\ARM_GCC_541\Debug\PSOC_Mid.a(StripLights_fisr.o)
 .debug_aranges
                0x000002e0      0x180 .\CortexM0\ARM_GCC_541\Debug\PSOC_Mid.a(CyLib.o)
 .debug_aranges
                0x00000460      0x138 .\CortexM0\ARM_GCC_541\Debug\PSOC_Mid.a(CyLFClk.o)
 .debug_aranges
                0x00000598       0x60 .\CortexM0\ARM_GCC_541\Debug\PSOC_Mid.a(SPIS.o)
 .debug_aranges
                0x000005f8       0x30 .\CortexM0\ARM_GCC_541\Debug\PSOC_Mid.a(SPIS_SPI.o)
 .debug_aranges
                0x00000628       0x20 .\CortexM0\ARM_GCC_541\Debug\PSOC_Mid.a(CyBootAsmGnu.o)

.debug_pubnames
 *(.debug_pubnames)

.debug_info     0x00000000     0x42b2
 *(.debug_info .gnu.linkonce.wi.*)
 .debug_info    0x00000000      0x7b0 .\CortexM0\ARM_GCC_541\Debug\main.o
 .debug_info    0x000007b0      0x3a0 .\CortexM0\ARM_GCC_541\Debug\cyfitter_cfg.o
 .debug_info    0x00000b50       0xf8 .\CortexM0\ARM_GCC_541\Debug\cymetadata.o
 .debug_info    0x00000c48      0x3a2 .\CortexM0\ARM_GCC_541\Debug\Cm0Start.o
 .debug_info    0x00000fea      0xd5c .\CortexM0\ARM_GCC_541\Debug\PSOC_Mid.a(StripLights.o)
 .debug_info    0x00001d46      0x394 .\CortexM0\ARM_GCC_541\Debug\PSOC_Mid.a(StripLights_fonts.o)
 .debug_info    0x000020da      0x305 .\CortexM0\ARM_GCC_541\Debug\PSOC_Mid.a(StripLights_cisr.o)
 .debug_info    0x000023df      0x305 .\CortexM0\ARM_GCC_541\Debug\PSOC_Mid.a(StripLights_fisr.o)
 .debug_info    0x000026e4      0xafc .\CortexM0\ARM_GCC_541\Debug\PSOC_Mid.a(CyLib.o)
 .debug_info    0x000031e0      0xcfe .\CortexM0\ARM_GCC_541\Debug\PSOC_Mid.a(CyLFClk.o)
 .debug_info    0x00003ede      0x24c .\CortexM0\ARM_GCC_541\Debug\PSOC_Mid.a(SPIS.o)
 .debug_info    0x0000412a       0xf7 .\CortexM0\ARM_GCC_541\Debug\PSOC_Mid.a(SPIS_SPI.o)
 .debug_info    0x00004221       0x91 .\CortexM0\ARM_GCC_541\Debug\PSOC_Mid.a(CyBootAsmGnu.o)

.debug_abbrev   0x00000000     0x10e5
 *(.debug_abbrev)
 .debug_abbrev  0x00000000      0x137 .\CortexM0\ARM_GCC_541\Debug\main.o
 .debug_abbrev  0x00000137      0x199 .\CortexM0\ARM_GCC_541\Debug\cyfitter_cfg.o
 .debug_abbrev  0x000002d0       0x5d .\CortexM0\ARM_GCC_541\Debug\cymetadata.o
 .debug_abbrev  0x0000032d      0x1d7 .\CortexM0\ARM_GCC_541\Debug\Cm0Start.o
 .debug_abbrev  0x00000504      0x22a .\CortexM0\ARM_GCC_541\Debug\PSOC_Mid.a(StripLights.o)
 .debug_abbrev  0x0000072e      0x113 .\CortexM0\ARM_GCC_541\Debug\PSOC_Mid.a(StripLights_fonts.o)
 .debug_abbrev  0x00000841      0x19a .\CortexM0\ARM_GCC_541\Debug\PSOC_Mid.a(StripLights_cisr.o)
 .debug_abbrev  0x000009db      0x19a .\CortexM0\ARM_GCC_541\Debug\PSOC_Mid.a(StripLights_fisr.o)
 .debug_abbrev  0x00000b75      0x1e0 .\CortexM0\ARM_GCC_541\Debug\PSOC_Mid.a(CyLib.o)
 .debug_abbrev  0x00000d55      0x210 .\CortexM0\ARM_GCC_541\Debug\PSOC_Mid.a(CyLFClk.o)
 .debug_abbrev  0x00000f65       0xed .\CortexM0\ARM_GCC_541\Debug\PSOC_Mid.a(SPIS.o)
 .debug_abbrev  0x00001052       0x7f .\CortexM0\ARM_GCC_541\Debug\PSOC_Mid.a(SPIS_SPI.o)
 .debug_abbrev  0x000010d1       0x14 .\CortexM0\ARM_GCC_541\Debug\PSOC_Mid.a(CyBootAsmGnu.o)

.debug_line     0x00000000     0x18e5
 *(.debug_line)
 .debug_line    0x00000000      0x19d .\CortexM0\ARM_GCC_541\Debug\main.o
 .debug_line    0x0000019d      0x164 .\CortexM0\ARM_GCC_541\Debug\cyfitter_cfg.o
 .debug_line    0x00000301      0x141 .\CortexM0\ARM_GCC_541\Debug\cymetadata.o
 .debug_line    0x00000442      0x235 .\CortexM0\ARM_GCC_541\Debug\Cm0Start.o
 .debug_line    0x00000677      0x3c7 .\CortexM0\ARM_GCC_541\Debug\PSOC_Mid.a(StripLights.o)
 .debug_line    0x00000a3e       0xf3 .\CortexM0\ARM_GCC_541\Debug\PSOC_Mid.a(StripLights_fonts.o)
 .debug_line    0x00000b31      0x158 .\CortexM0\ARM_GCC_541\Debug\PSOC_Mid.a(StripLights_cisr.o)
 .debug_line    0x00000c89      0x15c .\CortexM0\ARM_GCC_541\Debug\PSOC_Mid.a(StripLights_fisr.o)
 .debug_line    0x00000de5      0x45f .\CortexM0\ARM_GCC_541\Debug\PSOC_Mid.a(CyLib.o)
 .debug_line    0x00001244      0x466 .\CortexM0\ARM_GCC_541\Debug\PSOC_Mid.a(CyLFClk.o)
 .debug_line    0x000016aa      0x129 .\CortexM0\ARM_GCC_541\Debug\PSOC_Mid.a(SPIS.o)
 .debug_line    0x000017d3       0xa9 .\CortexM0\ARM_GCC_541\Debug\PSOC_Mid.a(SPIS_SPI.o)
 .debug_line    0x0000187c       0x69 .\CortexM0\ARM_GCC_541\Debug\PSOC_Mid.a(CyBootAsmGnu.o)

.debug_frame    0x00000000     0x10bc
 *(.debug_frame)
 .debug_frame   0x00000000       0xd4 .\CortexM0\ARM_GCC_541\Debug\main.o
 .debug_frame   0x000000d4       0x8c .\CortexM0\ARM_GCC_541\Debug\cyfitter_cfg.o
 .debug_frame   0x00000160       0xbc .\CortexM0\ARM_GCC_541\Debug\Cm0Start.o
 .debug_frame   0x0000021c      0x298 .\CortexM0\ARM_GCC_541\Debug\PSOC_Mid.a(StripLights.o)
 .debug_frame   0x000004b4       0x84 .\CortexM0\ARM_GCC_541\Debug\PSOC_Mid.a(StripLights_fonts.o)
 .debug_frame   0x00000538      0x110 .\CortexM0\ARM_GCC_541\Debug\PSOC_Mid.a(StripLights_cisr.o)
 .debug_frame   0x00000648      0x110 .\CortexM0\ARM_GCC_541\Debug\PSOC_Mid.a(StripLights_fisr.o)
 .debug_frame   0x00000758      0x3e0 .\CortexM0\ARM_GCC_541\Debug\PSOC_Mid.a(CyLib.o)
 .debug_frame   0x00000b38      0x3a8 .\CortexM0\ARM_GCC_541\Debug\PSOC_Mid.a(CyLFClk.o)
 .debug_frame   0x00000ee0       0xe8 .\CortexM0\ARM_GCC_541\Debug\PSOC_Mid.a(SPIS.o)
 .debug_frame   0x00000fc8       0x40 .\CortexM0\ARM_GCC_541\Debug\PSOC_Mid.a(SPIS_SPI.o)
 .debug_frame   0x00001008       0x20 c:/program files (x86)/cypress/psoc creator/4.1/psoc creator/import/gnu/arm/5.4.1/bin/../lib/gcc/arm-none-eabi/5.4.1/armv6-m\libgcc.a(_udivsi3.o)
 .debug_frame   0x00001028       0x20 c:/program files (x86)/cypress/psoc creator/4.1/psoc creator/import/gnu/arm/5.4.1/bin/../lib/gcc/arm-none-eabi/5.4.1/../../../../arm-none-eabi/lib/armv6-m\libg_nano.a(lib_a-errno.o)
 .debug_frame   0x00001048       0x28 c:/program files (x86)/cypress/psoc creator/4.1/psoc creator/import/gnu/arm/5.4.1/bin/../lib/gcc/arm-none-eabi/5.4.1/../../../../arm-none-eabi/lib/armv6-m\libg_nano.a(lib_a-exit.o)
 .debug_frame   0x00001070       0x2c c:/program files (x86)/cypress/psoc creator/4.1/psoc creator/import/gnu/arm/5.4.1/bin/../lib/gcc/arm-none-eabi/5.4.1/../../../../arm-none-eabi/lib/armv6-m\libg_nano.a(lib_a-init.o)
 .debug_frame   0x0000109c       0x20 c:/program files (x86)/cypress/psoc creator/4.1/psoc creator/import/gnu/arm/5.4.1/bin/../lib/gcc/arm-none-eabi/5.4.1/../../../../arm-none-eabi/lib/armv6-m\libg_nano.a(lib_a-memset.o)

.debug_str      0x00000000     0x177e
 *(.debug_str)
 .debug_str     0x00000000      0x21c .\CortexM0\ARM_GCC_541\Debug\main.o
                                0x263 (size before relaxing)
 .debug_str     0x0000021c      0x11a .\CortexM0\ARM_GCC_541\Debug\cyfitter_cfg.o
                                0x2a9 (size before relaxing)
 .debug_str     0x00000336       0xa6 .\CortexM0\ARM_GCC_541\Debug\cymetadata.o
                                0x1c9 (size before relaxing)
 .debug_str     0x000003dc      0x13a .\CortexM0\ARM_GCC_541\Debug\Cm0Start.o
                                0x2e5 (size before relaxing)
 .debug_str     0x00000516      0x3b5 .\CortexM0\ARM_GCC_541\Debug\PSOC_Mid.a(StripLights.o)
                                0x5a1 (size before relaxing)
 .debug_str     0x000008cb       0xf3 .\CortexM0\ARM_GCC_541\Debug\PSOC_Mid.a(StripLights_fonts.o)
                                0x2b5 (size before relaxing)
 .debug_str     0x000009be      0x19e .\CortexM0\ARM_GCC_541\Debug\PSOC_Mid.a(StripLights_cisr.o)
                                0x368 (size before relaxing)
 .debug_str     0x00000b5c      0x14a .\CortexM0\ARM_GCC_541\Debug\PSOC_Mid.a(StripLights_fisr.o)
                                0x368 (size before relaxing)
 .debug_str     0x00000ca6      0x47c .\CortexM0\ARM_GCC_541\Debug\PSOC_Mid.a(CyLib.o)
                                0x6a8 (size before relaxing)
 .debug_str     0x00001122      0x52a .\CortexM0\ARM_GCC_541\Debug\PSOC_Mid.a(CyLFClk.o)
                                0x721 (size before relaxing)
 .debug_str     0x0000164c      0x110 .\CortexM0\ARM_GCC_541\Debug\PSOC_Mid.a(SPIS.o)
                                0x294 (size before relaxing)
 .debug_str     0x0000175c       0x22 .\CortexM0\ARM_GCC_541\Debug\PSOC_Mid.a(SPIS_SPI.o)
                                0x1d2 (size before relaxing)

.debug_loc      0x00000000     0x2589
 *(.debug_loc)
 .debug_loc     0x00000000      0x57b .\CortexM0\ARM_GCC_541\Debug\main.o
 .debug_loc     0x0000057b      0x118 .\CortexM0\ARM_GCC_541\Debug\cyfitter_cfg.o
 .debug_loc     0x00000693      0x14f .\CortexM0\ARM_GCC_541\Debug\Cm0Start.o
 .debug_loc     0x000007e2      0xa53 .\CortexM0\ARM_GCC_541\Debug\PSOC_Mid.a(StripLights.o)
 .debug_loc     0x00001235      0x252 .\CortexM0\ARM_GCC_541\Debug\PSOC_Mid.a(StripLights_fonts.o)
 .debug_loc     0x00001487       0x82 .\CortexM0\ARM_GCC_541\Debug\PSOC_Mid.a(StripLights_cisr.o)
 .debug_loc     0x00001509       0x82 .\CortexM0\ARM_GCC_541\Debug\PSOC_Mid.a(StripLights_fisr.o)
 .debug_loc     0x0000158b      0x5cb .\CortexM0\ARM_GCC_541\Debug\PSOC_Mid.a(CyLib.o)
 .debug_loc     0x00001b56      0x9b5 .\CortexM0\ARM_GCC_541\Debug\PSOC_Mid.a(CyLFClk.o)
 .debug_loc     0x0000250b       0x7e .\CortexM0\ARM_GCC_541\Debug\PSOC_Mid.a(SPIS.o)

.debug_macinfo
 *(.debug_macinfo)

.debug_ranges   0x00000000      0x560
 *(.debug_ranges)
 .debug_ranges  0x00000000       0x38 .\CortexM0\ARM_GCC_541\Debug\main.o
 .debug_ranges  0x00000038       0x28 .\CortexM0\ARM_GCC_541\Debug\cyfitter_cfg.o
 .debug_ranges  0x00000060       0x38 .\CortexM0\ARM_GCC_541\Debug\Cm0Start.o
 .debug_ranges  0x00000098       0xc0 .\CortexM0\ARM_GCC_541\Debug\PSOC_Mid.a(StripLights.o)
 .debug_ranges  0x00000158       0x20 .\CortexM0\ARM_GCC_541\Debug\PSOC_Mid.a(StripLights_fonts.o)
 .debug_ranges  0x00000178       0x70 .\CortexM0\ARM_GCC_541\Debug\PSOC_Mid.a(StripLights_cisr.o)
 .debug_ranges  0x000001e8       0x70 .\CortexM0\ARM_GCC_541\Debug\PSOC_Mid.a(StripLights_fisr.o)
 .debug_ranges  0x00000258      0x170 .\CortexM0\ARM_GCC_541\Debug\PSOC_Mid.a(CyLib.o)
 .debug_ranges  0x000003c8      0x128 .\CortexM0\ARM_GCC_541\Debug\PSOC_Mid.a(CyLFClk.o)
 .debug_ranges  0x000004f0       0x50 .\CortexM0\ARM_GCC_541\Debug\PSOC_Mid.a(SPIS.o)
 .debug_ranges  0x00000540       0x20 .\CortexM0\ARM_GCC_541\Debug\PSOC_Mid.a(SPIS_SPI.o)

.comment        0x00000000       0x6e
 .comment       0x00000000       0x6e .\CortexM0\ARM_GCC_541\Debug\main.o
                                 0x6f (size before relaxing)
 .comment       0x0000006e       0x6f .\CortexM0\ARM_GCC_541\Debug\cyfitter_cfg.o
 .comment       0x0000006e       0x6f .\CortexM0\ARM_GCC_541\Debug\cymetadata.o
 .comment       0x0000006e       0x6f .\CortexM0\ARM_GCC_541\Debug\Cm0Start.o
 .comment       0x0000006e       0x6f .\CortexM0\ARM_GCC_541\Debug\PSOC_Mid.a(StripLights.o)
 .comment       0x0000006e       0x6f .\CortexM0\ARM_GCC_541\Debug\PSOC_Mid.a(StripLights_fonts.o)
 .comment       0x0000006e       0x6f .\CortexM0\ARM_GCC_541\Debug\PSOC_Mid.a(StripLights_cisr.o)
 .comment       0x0000006e       0x6f .\CortexM0\ARM_GCC_541\Debug\PSOC_Mid.a(StripLights_fisr.o)
 .comment       0x0000006e       0x6f .\CortexM0\ARM_GCC_541\Debug\PSOC_Mid.a(CyLib.o)
 .comment       0x0000006e       0x6f .\CortexM0\ARM_GCC_541\Debug\PSOC_Mid.a(CyLFClk.o)
 .comment       0x0000006e       0x6f .\CortexM0\ARM_GCC_541\Debug\PSOC_Mid.a(SPIS.o)
 .comment       0x0000006e       0x6f .\CortexM0\ARM_GCC_541\Debug\PSOC_Mid.a(SPIS_SPI.o)

.debug_weaknames
 *(.debug_weaknames)

.debug_funcnames
 *(.debug_funcnames)

.debug_typenames
 *(.debug_typenames)

.debug_varnames
 *(.debug_varnames)

.note.gnu.arm.ident
 *(.note.gnu.arm.ident)

.ARM.attributes
                0x00000000       0x28
 *(.ARM.attributes)
 .ARM.attributes
                0x00000000       0x1e c:/program files (x86)/cypress/psoc creator/4.1/psoc creator/import/gnu/arm/5.4.1/bin/../lib/gcc/arm-none-eabi/5.4.1/armv6-m/crti.o
 .ARM.attributes
                0x0000001e       0x2c c:/program files (x86)/cypress/psoc creator/4.1/psoc creator/import/gnu/arm/5.4.1/bin/../lib/gcc/arm-none-eabi/5.4.1/armv6-m/crtbegin.o
 .ARM.attributes
                0x0000004a       0x1b c:/program files (x86)/cypress/psoc creator/4.1/psoc creator/import/gnu/arm/5.4.1/bin/../lib/gcc/arm-none-eabi/5.4.1/../../../../arm-none-eabi/lib/armv6-m/crt0.o
 .ARM.attributes
                0x00000065       0x31 .\CortexM0\ARM_GCC_541\Debug\main.o
 .ARM.attributes
                0x00000096       0x31 .\CortexM0\ARM_GCC_541\Debug\cyfitter_cfg.o
 .ARM.attributes
                0x000000c7       0x31 .\CortexM0\ARM_GCC_541\Debug\cymetadata.o
 .ARM.attributes
                0x000000f8       0x31 .\CortexM0\ARM_GCC_541\Debug\Cm0Start.o
 .ARM.attributes
                0x00000129       0x31 .\CortexM0\ARM_GCC_541\Debug\PSOC_Mid.a(StripLights.o)
 .ARM.attributes
                0x0000015a       0x31 .\CortexM0\ARM_GCC_541\Debug\PSOC_Mid.a(StripLights_fonts.o)
 .ARM.attributes
                0x0000018b       0x31 .\CortexM0\ARM_GCC_541\Debug\PSOC_Mid.a(StripLights_cisr.o)
 .ARM.attributes
                0x000001bc       0x31 .\CortexM0\ARM_GCC_541\Debug\PSOC_Mid.a(StripLights_fisr.o)
 .ARM.attributes
                0x000001ed       0x31 .\CortexM0\ARM_GCC_541\Debug\PSOC_Mid.a(CyLib.o)
 .ARM.attributes
                0x0000021e       0x31 .\CortexM0\ARM_GCC_541\Debug\PSOC_Mid.a(CyLFClk.o)
 .ARM.attributes
                0x0000024f       0x31 .\CortexM0\ARM_GCC_541\Debug\PSOC_Mid.a(SPIS.o)
 .ARM.attributes
                0x00000280       0x31 .\CortexM0\ARM_GCC_541\Debug\PSOC_Mid.a(SPIS_SPI.o)
 .ARM.attributes
                0x000002b1       0x21 .\CortexM0\ARM_GCC_541\Debug\PSOC_Mid.a(CyBootAsmGnu.o)
 .ARM.attributes
                0x000002d2       0x1e c:/program files (x86)/cypress/psoc creator/4.1/psoc creator/import/gnu/arm/5.4.1/bin/../lib/gcc/arm-none-eabi/5.4.1/armv6-m\libgcc.a(_udivsi3.o)
 .ARM.attributes
                0x000002f0       0x1e c:/program files (x86)/cypress/psoc creator/4.1/psoc creator/import/gnu/arm/5.4.1/bin/../lib/gcc/arm-none-eabi/5.4.1/armv6-m\libgcc.a(_dvmd_tls.o)
 .ARM.attributes
                0x0000030e       0x2c c:/program files (x86)/cypress/psoc creator/4.1/psoc creator/import/gnu/arm/5.4.1/bin/../lib/gcc/arm-none-eabi/5.4.1/../../../../arm-none-eabi/lib/armv6-m\libg_nano.a(lib_a-errno.o)
 .ARM.attributes
                0x0000033a       0x2c c:/program files (x86)/cypress/psoc creator/4.1/psoc creator/import/gnu/arm/5.4.1/bin/../lib/gcc/arm-none-eabi/5.4.1/../../../../arm-none-eabi/lib/armv6-m\libg_nano.a(lib_a-exit.o)
 .ARM.attributes
                0x00000366       0x2c c:/program files (x86)/cypress/psoc creator/4.1/psoc creator/import/gnu/arm/5.4.1/bin/../lib/gcc/arm-none-eabi/5.4.1/../../../../arm-none-eabi/lib/armv6-m\libg_nano.a(lib_a-impure.o)
 .ARM.attributes
                0x00000392       0x2c c:/program files (x86)/cypress/psoc creator/4.1/psoc creator/import/gnu/arm/5.4.1/bin/../lib/gcc/arm-none-eabi/5.4.1/../../../../arm-none-eabi/lib/armv6-m\libg_nano.a(lib_a-init.o)
 .ARM.attributes
                0x000003be       0x2c c:/program files (x86)/cypress/psoc creator/4.1/psoc creator/import/gnu/arm/5.4.1/bin/../lib/gcc/arm-none-eabi/5.4.1/../../../../arm-none-eabi/lib/armv6-m\libg_nano.a(lib_a-memset.o)
 .ARM.attributes
                0x000003ea       0x2c c:/program files (x86)/cypress/psoc creator/4.1/psoc creator/import/gnu/arm/5.4.1/bin/../lib/gcc/arm-none-eabi/5.4.1/armv6-m/crtend.o
 .ARM.attributes
                0x00000416       0x1e c:/program files (x86)/cypress/psoc creator/4.1/psoc creator/import/gnu/arm/5.4.1/bin/../lib/gcc/arm-none-eabi/5.4.1/armv6-m/crtn.o

/DISCARD/
 *(.note.GNU-stack)
OUTPUT(C:\Users\Keith\Desktop\PSOC_Mid.cydsn\CortexM0\ARM_GCC_541\Debug\PSOC_Mid.elf elf32-littlearm)
